plain: string Error
class: string Error without the constructor's frame
default is a function: true
through a wrapper: string Error
an Error through the wrapper: RangeError: real
the wrapper ran: true
called with an object: N: m
called with an Error: TypeError: t
called with undefined: TypeError
called with null: TypeError
called with 1: TypeError
called with s: TypeError
